// Jest Snapshot v1, https://goo.gl/fbAQLP

exports[`MainComponent UI test Renders Correctly 1`] = `<Component />`;
